// Jest Snapshot v1, https://goo.gl/fbAQLP

exports[`View page should match snapshot 1`] = `<ConnectWrapper />`;
