// Jest Snapshot v1, https://goo.gl/fbAQLP

exports[`AuthCheck should match snapshot 1`] = `
<Connect
  actions={
    Object {
      "updateStoreValue": [Function],
    }
  }
  mapToProps={[Function]}
  pageProps={Object {}}
  updateStoreValue={[MockFunction]}
  user={
    Object {
      "email": "valid@email.coma",
    }
  }
>
  <Component />
</Connect>
`;
