// Jest Snapshot v1, https://goo.gl/fbAQLP

exports[`DataTableNetwork should match snapshot  1`] = `
<Connect
  actions={
    Object {
      "updateStoreValue": [Function],
    }
  }
  dataTableTriples={
    Array [
      Object {
        "edge": "12",
        "from": "1",
        "to": "147",
      },
      Object {
        "edge": "21",
        "from": "2",
        "to": "123",
      },
    ]
  }
  dataTableTriplesWithLabels={
    Array [
      Object {
        "edgeLabel": "is affected by",
        "fromLabel": "Road",
        "toLabel": "Traffic",
      },
      Object {
        "edgeLabel": "found in",
        "fromLabel": "Traffic",
        "toLabel": "Traffic data",
      },
    ]
  }
  globalEdgeStyling={
    Object {
      "stylingEdgeLength": 250,
      "stylingEdgeLineColor": "#070b11",
      "stylingEdgeLineColorHighlight": "#9c27b0",
      "stylingEdgeLineColorHover": "#070b11",
      "stylingEdgeLineStyle": false,
      "stylingEdgeTextAlign": "horizontal",
      "stylingEdgeTextColor": "#070b11",
      "stylingEdgeTextSize": 12,
      "stylingEdgeWidth": 1,
    }
  }
  globalNodeStyling={
    Object {
      "stylingNodeBackgroundColor": "#adefd1",
      "stylingNodeBorder": 1,
      "stylingNodeBorderColor": "#011e41",
      "stylingNodeBorderSelected": 2,
      "stylingNodeCaptionProperty": "rdfsLabel",
      "stylingNodeHighlightBackgroundColor": "#ffed00",
      "stylingNodeHighlightBorderColor": "#009688",
      "stylingNodeHoverBackgroundColor": "#f2f2f2",
      "stylingNodeHoverBorderColor": "#607d8b",
      "stylingNodeShape": "circle",
      "stylingNodeSize": 25,
      "stylingNodeTextColor": "#000000",
      "stylingNodeTextFontAlign": "center",
      "stylingNodeTextFontSize": 12,
    }
  }
  mapToProps={[Function]}
  updateStoreValue={[MockFunction]}
  userDefinedEdgeStyling={
    Object {
      "stylingEdgeLength": 250,
      "stylingEdgeLineColor": "#070b11",
      "stylingEdgeLineColorHighlight": "#9c27b0",
      "stylingEdgeLineColorHover": "#070b11",
      "stylingEdgeLineStyle": false,
      "stylingEdgeTextAlign": "horizontal",
      "stylingEdgeTextColor": "#070b11",
      "stylingEdgeTextSize": 12,
      "stylingEdgeWidth": 1,
    }
  }
  userDefinedNodeStyling={
    Object {
      "stylingNodeBackgroundColor": "#adefd1",
      "stylingNodeBorder": 1,
      "stylingNodeBorderColor": "#011e41",
      "stylingNodeBorderSelected": 2,
      "stylingNodeCaptionProperty": "rdfsLabel",
      "stylingNodeHighlightBackgroundColor": "#ffed00",
      "stylingNodeHighlightBorderColor": "#009688",
      "stylingNodeHoverBackgroundColor": "#f2f2f2",
      "stylingNodeHoverBorderColor": "#607d8b",
      "stylingNodeShape": "circle",
      "stylingNodeSize": 25,
      "stylingNodeTextColor": "#000000",
      "stylingNodeTextFontAlign": "center",
      "stylingNodeTextFontSize": 12,
    }
  }
>
  <Component />
</Connect>
`;
