// Jest Snapshot v1, https://goo.gl/fbAQLP

exports[`EdgesSelectionDetails should match snapshot  1`] = `
<Connect
  actions={
    Object {
      "addNumber": [Function],
      "addSubValueToObject": [Function],
      "addToArray": [Function],
      "addToObject": [Function],
      "removeFromArray": [Function],
      "removeFromObject": [Function],
      "setStoreState": [Function],
    }
  }
  edgeId="http://webprotege.stanford.edu/R15RMwxh0pmeZADFPUrcpM"
  mapToProps={null}
>
  <Component />
</Connect>
`;
