// Jest Snapshot v1, https://goo.gl/fbAQLP

exports[`FooterComponent should match snapshot  1`] = `
<footer>
  <div
    className="footer-right"
  >
    Ontology Visualisation v0.6.0
  </div>
</footer>
`;
