// Jest Snapshot v1, https://goo.gl/fbAQLP

exports[`NetworkStylingNodeByPropertyForm should match snapshot  1`] = `
<Connect
  actions={
    Object {
      "addNumber": [Function],
      "addSubValueToObject": [Function],
      "addToArray": [Function],
      "addToObject": [Function],
      "removeFromArray": [Function],
      "removeFromObject": [Function],
      "setStoreState": [Function],
      "toggleFromArrayInKey": [Function],
      "toggleFromSubArray": [Function],
    }
  }
  annotationProperties={
    Array [
      Object {
        "property": "rdfsLabel",
        "value": "rdfsLabel",
      },
    ]
  }
  index={0}
  isDeleteAvailable={true}
  mapToProps={[Function]}
  setStoreState={[MockFunction]}
  stylingProperty={
    Object {
      "filterType": "equal",
      "filterValue": "",
      "styleType": "",
      "styleValue": "",
    }
  }
>
  <Component />
</Connect>
`;
