// Jest Snapshot v1, https://goo.gl/fbAQLP

exports[`NodeInfo should match snapshot  1`] = `
<Connect
  actions={
    Object {
      "addToArray": [Function],
      "removeFromArray": [Function],
      "removeFromObject": [Function],
      "setStoreState": [Function],
    }
  }
  availableNodesNormalised={
    Object {
      "abc": Object {
        "id": "id",
        "label": "label",
        "rdfAbout": "rdfAbout",
        "skosComment": "skosComment",
        "skosDefinition": "skosDefinition",
        "skosExample": "skosExample",
      },
    }
  }
  deletedNodes={Array []}
  mapToProps={[Function]}
  selectedNodes={
    Array [
      "abc",
    ]
  }
  setStoreState={[MockFunction]}
>
  <Component />
</Connect>
`;
