// Jest Snapshot v1, https://goo.gl/fbAQLP

exports[`NodesFilter should match snapshot  1`] = `
<Connect
  actions={
    Object {
      "addSubValueToObject": [Function],
      "addToArray": [Function],
      "addToObject": [Function],
      "removeFromArray": [Function],
      "removeFromObject": [Function],
      "resetSelectedEdges": [Function],
      "resetSelectedNodes": [Function],
      "setStoreState": [Function],
    }
  }
  addToObject={[MockFunction]}
  mapToProps={[Function]}
  nodesProperties={
    Array [
      Object {
        "property": "rdfsLabel",
        "value": "road",
      },
    ]
  }
  setStoreState={[MockFunction]}
>
  <Component />
</Connect>
`;
