// Jest Snapshot v1, https://goo.gl/fbAQLP

exports[`SynonymsListAddNew should match snapshot 1`] = `
<Connect
  actions={
    Object {
      "updateStoreValue": [Function],
    }
  }
  mapToProps={[Function]}
  synonymElementId="12"
  updateStoreValue={[MockFunction]}
>
  <Component />
</Connect>
`;
